components/passport-pages/VisaGridPage.tsx(117,7): error TS17001: JSX elements cannot have multiple attributes with the same name.
